#
# There is insufficient memory for the Java Runtime Environment to continue.
# Native memory allocation (malloc) failed to allocate 1781616 bytes. Error detail: Chunk::new
# Possible reasons:
#   The system is out of physical RAM or swap space
#   This process is running with CompressedOops enabled, and the Java Heap may be blocking the growth of the native heap
# Possible solutions:
#   Reduce memory load on the system
#   Increase physical memory or swap space
#   Check if swap backing store is full
#   Decrease Java heap size (-Xmx/-Xms)
#   Decrease number of Java threads
#   Decrease Java thread stack sizes (-Xss)
#   Set larger code cache with -XX:ReservedCodeCacheSize=
#   JVM is running with Unscaled Compressed Oops mode in which the Java heap is
#     placed in the first 4GB address space. The Java Heap base address is the
#     maximum limit for the native heap growth. Please use -XX:HeapBaseMinAddress
#     to set the Java Heap base and to place the Java Heap above 4GB virtual address.
# This output file may be truncated or incomplete.
#
#  Out of Memory Error (arena.cpp:168), pid=26760, tid=14856
#
# JRE version: OpenJDK Runtime Environment (21.0.10) (build 21.0.10+-14961533-b1163.108)
# Java VM: OpenJDK 64-Bit Server VM (21.0.10+-14961533-b1163.108, mixed mode, tiered, compressed oops, compressed class ptrs, g1 gc, windows-amd64)
# No core dump will be written. Minidumps are not enabled by default on client versions of Windows
#

---------------  S U M M A R Y ------------

Command Line: org.jetbrains.kotlin.cli.jvm.K2JVMCompiler @C:\Astrotraker\Astrotraker2\Android studio\app\build\20260901_9370745834674830651.compiler.options

Host: AMD Ryzen 3 7320U with Radeon Graphics         , 8 cores, 7G,  Windows 11 , 64 bit Build 26100 (10.0.26100.9168)
Time: Tue Sep  1 15:49:40 2026 Hora estándar de Argentina elapsed time: 99.167547 seconds (0d 0h 1m 39s)

---------------  T H R E A D  ---------------

Current thread (0x000002c6379fb180):  JavaThread "C2 CompilerThread0" daemon [_thread_in_native, id=14856, stack(0x000000d40b400000,0x000000d40b500000) (1024K)]


Current CompileTask:
C2:99167 8438       4       org.jetbrains.kotlin.fir.backend.Fir2IrTypeConverter::toIrType (1744 bytes)

Stack: [0x000000d40b400000,0x000000d40b500000]
Native frames: (J=compiled Java code, j=interpreted, Vv=VM code, C=native code)
V  [jvm.dll+0x6d78a9]
V  [jvm.dll+0x8665b3]
V  [jvm.dll+0x868bde]
V  [jvm.dll+0x8692c3]
V  [jvm.dll+0x280ee6]
V  [jvm.dll+0xc07cd]
V  [jvm.dll+0xc0d03]
V  [jvm.dll+0x3ba091]
V  [jvm.dll+0x385df7]
V  [jvm.dll+0x38526a]
V  [jvm.dll+0x249bd2]
V  [jvm.dll+0x2491a1]
V  [jvm.dll+0x1c76e4]
V  [jvm.dll+0x25891e]
V  [jvm.dll+0x256e66]
V  [jvm.dll+0x3f513e]
V  [jvm.dll+0x80fd28]
V  [jvm.dll+0x6d60fd]
C  [ucrtbase.dll+0x2cd30]
C  [KERNEL32.DLL+0x2ccb7]
C  [ntdll.dll+0xaad6c]


---------------  P R O C E S S  ---------------

Threads class SMR info:
_java_thread_list=0x000002c642ced210, length=11, elements={
0x000002c61e2b1510, 0x000002c6379c4d30, 0x000002c6379f2810, 0x000002c6379f6280,
0x000002c637a0ffc0, 0x000002c6379f7090, 0x000002c6379f7700, 0x000002c637a14e20,
0x000002c6379fb180, 0x000002c637a1a5f0, 0x000002c637bc0340
}

Java Threads: ( => current thread )
  0x000002c61e2b1510 JavaThread "main"                              [_thread_in_Java, id=29140, stack(0x000000d40a500000,0x000000d40a600000) (1024K)]
  0x000002c6379c4d30 JavaThread "Common-Cleaner"             daemon [_thread_blocked, id=35676, stack(0x000000d40ad00000,0x000000d40ae00000) (1024K)]
  0x000002c6379f2810 JavaThread "Reference Handler"          daemon [_thread_blocked, id=35528, stack(0x000000d40ae00000,0x000000d40af00000) (1024K)]
  0x000002c6379f6280 JavaThread "Finalizer"                  daemon [_thread_blocked, id=21872, stack(0x000000d40af00000,0x000000d40b000000) (1024K)]
  0x000002c637a0ffc0 JavaThread "Signal Dispatcher"          daemon [_thread_blocked, id=27192, stack(0x000000d40b000000,0x000000d40b100000) (1024K)]
  0x000002c6379f7090 JavaThread "Attach Listener"            daemon [_thread_blocked, id=4068, stack(0x000000d40b100000,0x000000d40b200000) (1024K)]
  0x000002c6379f7700 JavaThread "Service Thread"             daemon [_thread_blocked, id=28568, stack(0x000000d40b200000,0x000000d40b300000) (1024K)]
  0x000002c637a14e20 JavaThread "Monitor Deflation Thread"   daemon [_thread_blocked, id=5704, stack(0x000000d40b300000,0x000000d40b400000) (1024K)]
=>0x000002c6379fb180 JavaThread "C2 CompilerThread0"         daemon [_thread_in_native, id=14856, stack(0x000000d40b400000,0x000000d40b500000) (1024K)]
  0x000002c637a1a5f0 JavaThread "C1 CompilerThread0"         daemon [_thread_blocked, id=28884, stack(0x000000d40b500000,0x000000d40b600000) (1024K)]
  0x000002c637bc0340 JavaThread "Notification Thread"        daemon [_thread_blocked, id=21928, stack(0x000000d40b600000,0x000000d40b700000) (1024K)]
Total: 11

Other Threads:
  0x000002c637847ab0 VMThread "VM Thread"                           [id=6648, stack(0x000000d40ac00000,0x000000d40ad00000) (1024K)]
  0x000002c6377b2f60 WatcherThread "VM Periodic Task Thread"        [id=11268, stack(0x000000d40ab00000,0x000000d40ac00000) (1024K)]
  0x000002c620537a30 WorkerThread "GC Thread#0"                     [id=20032, stack(0x000000d40a600000,0x000000d40a700000) (1024K)]
  0x000002c63c4e5120 WorkerThread "GC Thread#1"                     [id=31552, stack(0x000000d40b700000,0x000000d40b800000) (1024K)]
  0x000002c63c54b9a0 WorkerThread "GC Thread#2"                     [id=23644, stack(0x000000d40b800000,0x000000d40b900000) (1024K)]
  0x000002c63c54bd50 WorkerThread "GC Thread#3"                     [id=8072, stack(0x000000d40b900000,0x000000d40ba00000) (1024K)]
  0x000002c63c54c100 WorkerThread "GC Thread#4"                     [id=8956, stack(0x000000d40ba00000,0x000000d40bb00000) (1024K)]
  0x000002c63c54c4b0 WorkerThread "GC Thread#5"                     [id=12624, stack(0x000000d40bb00000,0x000000d40bc00000) (1024K)]
  0x000002c63c1f6380 WorkerThread "GC Thread#6"                     [id=9152, stack(0x000000d40bc00000,0x000000d40bd00000) (1024K)]
  0x000002c63c1ff2f0 WorkerThread "GC Thread#7"                     [id=16680, stack(0x000000d40bd00000,0x000000d40be00000) (1024K)]
  0x000002c620548880 ConcurrentGCThread "G1 Main Marker"            [id=3236, stack(0x000000d40a700000,0x000000d40a800000) (1024K)]
  0x000002c620549390 WorkerThread "G1 Conc#0"                       [id=18628, stack(0x000000d40a800000,0x000000d40a900000) (1024K)]
  0x000002c63c1f4a80 WorkerThread "G1 Conc#1"                       [id=22492, stack(0x000000d40be00000,0x000000d40bf00000) (1024K)]
  0x000002c6376834e0 ConcurrentGCThread "G1 Refine#0"               [id=23224, stack(0x000000d40a900000,0x000000d40aa00000) (1024K)]
  0x000002c6205ae380 ConcurrentGCThread "G1 Service"                [id=968, stack(0x000000d40aa00000,0x000000d40ab00000) (1024K)]
Total: 15

Threads with active compile tasks:
C2 CompilerThread0  99207 8438       4       org.jetbrains.kotlin.fir.backend.Fir2IrTypeConverter::toIrType (1744 bytes)
Total: 1

VM state: not at safepoint (normal execution)

VM Mutex/Monitor currently owned by a thread: None

Heap address: 0x000000008c000000, size: 1856 MB, Compressed Oops mode: 32-bit

CDS archive(s) not mapped
Compressed class space mapped at: 0x0000000100000000-0x0000000140000000, reserved size: 1073741824
Narrow klass base: 0x0000000000000000, Narrow klass shift: 3, Narrow klass range: 0x140000000

GC Precious Log:
 CardTable entry size: 512
 Card Set container configuration: InlinePtr #cards 5 size 8 Array Of Cards #cards 12 size 40 Howl #buckets 4 coarsen threshold 1843 Howl Bitmap #cards 512 size 80 coarsen threshold 460 Card regions per heap region 1 cards per card region 2048
 CPUs: 8 total, 8 available
 Memory: 7418M
 Large Page Support: Disabled
 NUMA Support: Disabled
 Compressed Oops: Enabled (32-bit)
 Heap Region Size: 1M
 Heap Min Capacity: 8M
 Heap Initial Capacity: 116M
 Heap Max Capacity: 1856M
 Pre-touch: Disabled
 Parallel Workers: 8
 Concurrent Workers: 2
 Concurrent Refinement Workers: 8
 Periodic GC: Disabled

Heap:
 garbage-first heap   total 132096K, used 105514K [0x000000008c000000, 0x0000000100000000)
  region size 1024K, 28 young (28672K), 3 survivors (3072K)
 Metaspace       used 68358K, committed 68736K, reserved 1114112K
  class space    used 7611K, committed 7808K, reserved 1048576K

Heap Regions: E=young(eden), S=young(survivor), O=old, HS=humongous(starts), HC=humongous(continues), CS=collection set, F=free, TAMS=top-at-mark-start, PB=parsable bottom
|   0|0x000000008c000000, 0x000000008c100000, 0x000000008c100000|100%|HS|  |TAMS 0x000000008c000000| PB 0x000000008c000000| Complete 
|   1|0x000000008c100000, 0x000000008c200000, 0x000000008c200000|100%|HC|  |TAMS 0x000000008c100000| PB 0x000000008c100000| Complete 
|   2|0x000000008c200000, 0x000000008c300000, 0x000000008c300000|100%|HC|  |TAMS 0x000000008c200000| PB 0x000000008c200000| Complete 
|   3|0x000000008c300000, 0x000000008c400000, 0x000000008c400000|100%| O|  |TAMS 0x000000008c300000| PB 0x000000008c300000| Untracked 
|   4|0x000000008c400000, 0x000000008c500000, 0x000000008c500000|100%| O|  |TAMS 0x000000008c400000| PB 0x000000008c400000| Untracked 
|   5|0x000000008c500000, 0x000000008c600000, 0x000000008c600000|100%| O|  |TAMS 0x000000008c500000| PB 0x000000008c500000| Untracked 
|   6|0x000000008c600000, 0x000000008c700000, 0x000000008c700000|100%| O|  |TAMS 0x000000008c600000| PB 0x000000008c600000| Untracked 
|   7|0x000000008c700000, 0x000000008c800000, 0x000000008c800000|100%| O|  |TAMS 0x000000008c700000| PB 0x000000008c700000| Untracked 
|   8|0x000000008c800000, 0x000000008c900000, 0x000000008c900000|100%| O|  |TAMS 0x000000008c800000| PB 0x000000008c800000| Untracked 
|   9|0x000000008c900000, 0x000000008ca00000, 0x000000008ca00000|100%| O|  |TAMS 0x000000008c900000| PB 0x000000008c900000| Untracked 
|  10|0x000000008ca00000, 0x000000008cb00000, 0x000000008cb00000|100%| O|  |TAMS 0x000000008ca00000| PB 0x000000008ca00000| Untracked 
|  11|0x000000008cb00000, 0x000000008cc00000, 0x000000008cc00000|100%| O|  |TAMS 0x000000008cb00000| PB 0x000000008cb00000| Untracked 
|  12|0x000000008cc00000, 0x000000008cd00000, 0x000000008cd00000|100%| O|  |TAMS 0x000000008cc00000| PB 0x000000008cc00000| Untracked 
|  13|0x000000008cd00000, 0x000000008ce00000, 0x000000008ce00000|100%| O|  |TAMS 0x000000008cd00000| PB 0x000000008cd00000| Untracked 
|  14|0x000000008ce00000, 0x000000008cf00000, 0x000000008cf00000|100%| O|  |TAMS 0x000000008ce00000| PB 0x000000008ce00000| Untracked 
|  15|0x000000008cf00000, 0x000000008d000000, 0x000000008d000000|100%| O|  |TAMS 0x000000008cf00000| PB 0x000000008cf00000| Untracked 
|  16|0x000000008d000000, 0x000000008d100000, 0x000000008d100000|100%| O|  |TAMS 0x000000008d000000| PB 0x000000008d000000| Untracked 
|  17|0x000000008d100000, 0x000000008d200000, 0x000000008d200000|100%| O|  |TAMS 0x000000008d100000| PB 0x000000008d100000| Untracked 
|  18|0x000000008d200000, 0x000000008d300000, 0x000000008d300000|100%| O|  |TAMS 0x000000008d200000| PB 0x000000008d200000| Untracked 
|  19|0x000000008d300000, 0x000000008d400000, 0x000000008d400000|100%| O|  |TAMS 0x000000008d300000| PB 0x000000008d300000| Untracked 
|  20|0x000000008d400000, 0x000000008d500000, 0x000000008d500000|100%| O|  |TAMS 0x000000008d400000| PB 0x000000008d400000| Untracked 
|  21|0x000000008d500000, 0x000000008d600000, 0x000000008d600000|100%| O|  |TAMS 0x000000008d500000| PB 0x000000008d500000| Untracked 
|  22|0x000000008d600000, 0x000000008d700000, 0x000000008d700000|100%|HS|  |TAMS 0x000000008d600000| PB 0x000000008d600000| Complete 
|  23|0x000000008d700000, 0x000000008d800000, 0x000000008d800000|100%| O|  |TAMS 0x000000008d700000| PB 0x000000008d700000| Untracked 
|  24|0x000000008d800000, 0x000000008d900000, 0x000000008d900000|100%| O|  |TAMS 0x000000008d800000| PB 0x000000008d800000| Untracked 
|  25|0x000000008d900000, 0x000000008da00000, 0x000000008da00000|100%| O|  |TAMS 0x000000008d900000| PB 0x000000008d900000| Untracked 
|  26|0x000000008da00000, 0x000000008db00000, 0x000000008db00000|100%| O|  |TAMS 0x000000008da00000| PB 0x000000008da00000| Untracked 
|  27|0x000000008db00000, 0x000000008dc00000, 0x000000008dc00000|100%| O|  |TAMS 0x000000008db00000| PB 0x000000008db00000| Untracked 
|  28|0x000000008dc00000, 0x000000008dd00000, 0x000000008dd00000|100%| O|  |TAMS 0x000000008dc00000| PB 0x000000008dc00000| Untracked 
|  29|0x000000008dd00000, 0x000000008de00000, 0x000000008de00000|100%| O|  |TAMS 0x000000008dd00000| PB 0x000000008dd00000| Untracked 
|  30|0x000000008de00000, 0x000000008df00000, 0x000000008df00000|100%| O|  |TAMS 0x000000008de00000| PB 0x000000008de00000| Untracked 
|  31|0x000000008df00000, 0x000000008e000000, 0x000000008e000000|100%| O|  |TAMS 0x000000008df00000| PB 0x000000008df00000| Untracked 
|  32|0x000000008e000000, 0x000000008e100000, 0x000000008e100000|100%| O|  |TAMS 0x000000008e000000| PB 0x000000008e000000| Untracked 
|  33|0x000000008e100000, 0x000000008e200000, 0x000000008e200000|100%| O|  |TAMS 0x000000008e100000| PB 0x000000008e100000| Untracked 
|  34|0x000000008e200000, 0x000000008e300000, 0x000000008e300000|100%| O|  |TAMS 0x000000008e200000| PB 0x000000008e200000| Untracked 
|  35|0x000000008e300000, 0x000000008e400000, 0x000000008e400000|100%| O|  |TAMS 0x000000008e300000| PB 0x000000008e300000| Untracked 
|  36|0x000000008e400000, 0x000000008e500000, 0x000000008e500000|100%| O|  |TAMS 0x000000008e400000| PB 0x000000008e400000| Untracked 
|  37|0x000000008e500000, 0x000000008e600000, 0x000000008e600000|100%| O|  |TAMS 0x000000008e500000| PB 0x000000008e500000| Untracked 
|  38|0x000000008e600000, 0x000000008e700000, 0x000000008e700000|100%| O|  |TAMS 0x000000008e600000| PB 0x000000008e600000| Untracked 
|  39|0x000000008e700000, 0x000000008e800000, 0x000000008e800000|100%| O|  |TAMS 0x000000008e700000| PB 0x000000008e700000| Untracked 
|  40|0x000000008e800000, 0x000000008e900000, 0x000000008e900000|100%| O|  |TAMS 0x000000008e800000| PB 0x000000008e800000| Untracked 
|  41|0x000000008e900000, 0x000000008ea00000, 0x000000008ea00000|100%| O|  |TAMS 0x000000008e900000| PB 0x000000008e900000| Untracked 
|  42|0x000000008ea00000, 0x000000008eb00000, 0x000000008eb00000|100%| O|  |TAMS 0x000000008ea00000| PB 0x000000008ea00000| Untracked 
|  43|0x000000008eb00000, 0x000000008ec00000, 0x000000008ec00000|100%| O|  |TAMS 0x000000008eb00000| PB 0x000000008eb00000| Untracked 
|  44|0x000000008ec00000, 0x000000008ed00000, 0x000000008ed00000|100%| O|  |TAMS 0x000000008ec00000| PB 0x000000008ec00000| Untracked 
|  45|0x000000008ed00000, 0x000000008ee00000, 0x000000008ee00000|100%| O|  |TAMS 0x000000008ed00000| PB 0x000000008ed00000| Untracked 
|  46|0x000000008ee00000, 0x000000008ef00000, 0x000000008ef00000|100%| O|  |TAMS 0x000000008ee00000| PB 0x000000008ee00000| Untracked 
|  47|0x000000008ef00000, 0x000000008f000000, 0x000000008f000000|100%| O|  |TAMS 0x000000008ef00000| PB 0x000000008ef00000| Untracked 
|  48|0x000000008f000000, 0x000000008f100000, 0x000000008f100000|100%| O|  |TAMS 0x000000008f000000| PB 0x000000008f000000| Untracked 
|  49|0x000000008f100000, 0x000000008f200000, 0x000000008f200000|100%| O|  |TAMS 0x000000008f100000| PB 0x000000008f100000| Untracked 
|  50|0x000000008f200000, 0x000000008f300000, 0x000000008f300000|100%| O|  |TAMS 0x000000008f200000| PB 0x000000008f200000| Untracked 
|  51|0x000000008f300000, 0x000000008f400000, 0x000000008f400000|100%| O|  |TAMS 0x000000008f300000| PB 0x000000008f300000| Untracked 
|  52|0x000000008f400000, 0x000000008f500000, 0x000000008f500000|100%| O|  |TAMS 0x000000008f400000| PB 0x000000008f400000| Untracked 
|  53|0x000000008f500000, 0x000000008f600000, 0x000000008f600000|100%| O|  |TAMS 0x000000008f500000| PB 0x000000008f500000| Untracked 
|  54|0x000000008f600000, 0x000000008f700000, 0x000000008f700000|100%| O|  |TAMS 0x000000008f600000| PB 0x000000008f600000| Untracked 
|  55|0x000000008f700000, 0x000000008f800000, 0x000000008f800000|100%| O|  |TAMS 0x000000008f700000| PB 0x000000008f700000| Untracked 
|  56|0x000000008f800000, 0x000000008f900000, 0x000000008f900000|100%| O|  |TAMS 0x000000008f800000| PB 0x000000008f800000| Untracked 
|  57|0x000000008f900000, 0x000000008fa00000, 0x000000008fa00000|100%| O|  |TAMS 0x000000008f900000| PB 0x000000008f900000| Untracked 
|  58|0x000000008fa00000, 0x000000008fb00000, 0x000000008fb00000|100%| O|  |TAMS 0x000000008fa00000| PB 0x000000008fa00000| Untracked 
|  59|0x000000008fb00000, 0x000000008fc00000, 0x000000008fc00000|100%| O|  |TAMS 0x000000008fb00000| PB 0x000000008fb00000| Untracked 
|  60|0x000000008fc00000, 0x000000008fd00000, 0x000000008fd00000|100%| O|  |TAMS 0x000000008fc00000| PB 0x000000008fc00000| Untracked 
|  61|0x000000008fd00000, 0x000000008fe00000, 0x000000008fe00000|100%| O|  |TAMS 0x000000008fd00000| PB 0x000000008fd00000| Untracked 
|  62|0x000000008fe00000, 0x000000008ff00000, 0x000000008ff00000|100%| O|  |TAMS 0x000000008fe00000| PB 0x000000008fe00000| Untracked 
|  63|0x000000008ff00000, 0x0000000090000000, 0x0000000090000000|100%| O|  |TAMS 0x000000008ff00000| PB 0x000000008ff00000| Untracked 
|  64|0x0000000090000000, 0x0000000090100000, 0x0000000090100000|100%| O|  |TAMS 0x0000000090000000| PB 0x0000000090000000| Untracked 
|  65|0x0000000090100000, 0x0000000090200000, 0x0000000090200000|100%| O|Cm|TAMS 0x0000000090100000| PB 0x0000000090100000| Complete 
|  66|0x0000000090200000, 0x0000000090300000, 0x0000000090300000|100%| O|  |TAMS 0x0000000090200000| PB 0x0000000090200000| Untracked 
|  67|0x0000000090300000, 0x0000000090400000, 0x0000000090400000|100%| O|  |TAMS 0x0000000090300000| PB 0x0000000090300000| Untracked 
|  68|0x0000000090400000, 0x0000000090500000, 0x0000000090500000|100%| O|  |TAMS 0x0000000090400000| PB 0x0000000090400000| Untracked 
|  69|0x0000000090500000, 0x0000000090600000, 0x0000000090600000|100%| O|  |TAMS 0x0000000090500000| PB 0x0000000090500000| Untracked 
|  70|0x0000000090600000, 0x0000000090700000, 0x0000000090700000|100%| O|  |TAMS 0x0000000090600000| PB 0x0000000090600000| Untracked 
|  71|0x0000000090700000, 0x0000000090800000, 0x0000000090800000|100%| O|  |TAMS 0x0000000090700000| PB 0x0000000090700000| Untracked 
|  72|0x0000000090800000, 0x0000000090900000, 0x0000000090900000|100%| O|  |TAMS 0x0000000090800000| PB 0x0000000090800000| Untracked 
|  73|0x0000000090900000, 0x00000000909c9418, 0x0000000090a00000| 78%| O|  |TAMS 0x0000000090900000| PB 0x0000000090900000| Untracked 
|  74|0x0000000090a00000, 0x0000000090a00000, 0x0000000090b00000|  0%| F|  |TAMS 0x0000000090a00000| PB 0x0000000090a00000| Untracked 
|  75|0x0000000090b00000, 0x0000000090b00000, 0x0000000090c00000|  0%| F|  |TAMS 0x0000000090b00000| PB 0x0000000090b00000| Untracked 
|  76|0x0000000090c00000, 0x0000000090c00000, 0x0000000090d00000|  0%| F|  |TAMS 0x0000000090c00000| PB 0x0000000090c00000| Untracked 
|  77|0x0000000090d00000, 0x0000000090d00000, 0x0000000090e00000|  0%| F|  |TAMS 0x0000000090d00000| PB 0x0000000090d00000| Untracked 
|  78|0x0000000090e00000, 0x0000000090e00000, 0x0000000090f00000|  0%| F|  |TAMS 0x0000000090e00000| PB 0x0000000090e00000| Untracked 
|  79|0x0000000090f00000, 0x0000000090f00000, 0x0000000091000000|  0%| F|  |TAMS 0x0000000090f00000| PB 0x0000000090f00000| Untracked 
|  80|0x0000000091000000, 0x0000000091000000, 0x0000000091100000|  0%| F|  |TAMS 0x0000000091000000| PB 0x0000000091000000| Untracked 
|  81|0x0000000091100000, 0x0000000091100000, 0x0000000091200000|  0%| F|  |TAMS 0x0000000091100000| PB 0x0000000091100000| Untracked 
|  82|0x0000000091200000, 0x0000000091200000, 0x0000000091300000|  0%| F|  |TAMS 0x0000000091200000| PB 0x0000000091200000| Untracked 
|  83|0x0000000091300000, 0x0000000091300000, 0x0000000091400000|  0%| F|  |TAMS 0x0000000091300000| PB 0x0000000091300000| Untracked 
|  84|0x0000000091400000, 0x0000000091400000, 0x0000000091500000|  0%| F|  |TAMS 0x0000000091400000| PB 0x0000000091400000| Untracked 
|  85|0x0000000091500000, 0x0000000091500000, 0x0000000091600000|  0%| F|  |TAMS 0x0000000091500000| PB 0x0000000091500000| Untracked 
|  86|0x0000000091600000, 0x0000000091600000, 0x0000000091700000|  0%| F|  |TAMS 0x0000000091600000| PB 0x0000000091600000| Untracked 
|  87|0x0000000091700000, 0x0000000091700000, 0x0000000091800000|  0%| F|  |TAMS 0x0000000091700000| PB 0x0000000091700000| Untracked 
|  88|0x0000000091800000, 0x0000000091800000, 0x0000000091900000|  0%| F|  |TAMS 0x0000000091800000| PB 0x0000000091800000| Untracked 
|  89|0x0000000091900000, 0x0000000091900000, 0x0000000091a00000|  0%| F|  |TAMS 0x0000000091900000| PB 0x0000000091900000| Untracked 
|  90|0x0000000091a00000, 0x0000000091a00000, 0x0000000091b00000|  0%| F|  |TAMS 0x0000000091a00000| PB 0x0000000091a00000| Untracked 
|  91|0x0000000091b00000, 0x0000000091b00000, 0x0000000091c00000|  0%| F|  |TAMS 0x0000000091b00000| PB 0x0000000091b00000| Untracked 
|  92|0x0000000091c00000, 0x0000000091c00000, 0x0000000091d00000|  0%| F|  |TAMS 0x0000000091c00000| PB 0x0000000091c00000| Untracked 
|  93|0x0000000091d00000, 0x0000000091d00000, 0x0000000091e00000|  0%| F|  |TAMS 0x0000000091d00000| PB 0x0000000091d00000| Untracked 
|  94|0x0000000091e00000, 0x0000000091e00000, 0x0000000091f00000|  0%| F|  |TAMS 0x0000000091e00000| PB 0x0000000091e00000| Untracked 
|  95|0x0000000091f00000, 0x0000000091f00000, 0x0000000092000000|  0%| F|  |TAMS 0x0000000091f00000| PB 0x0000000091f00000| Untracked 
|  96|0x0000000092000000, 0x0000000092000000, 0x0000000092100000|  0%| F|  |TAMS 0x0000000092000000| PB 0x0000000092000000| Untracked 
|  97|0x0000000092100000, 0x0000000092100000, 0x0000000092200000|  0%| F|  |TAMS 0x0000000092100000| PB 0x0000000092100000| Untracked 
|  98|0x0000000092200000, 0x00000000922cb558, 0x0000000092300000| 79%| E|  |TAMS 0x0000000092200000| PB 0x0000000092200000| Complete 
|  99|0x0000000092300000, 0x0000000092400000, 0x0000000092400000|100%| E|CS|TAMS 0x0000000092300000| PB 0x0000000092300000| Complete 
| 100|0x0000000092400000, 0x0000000092500000, 0x0000000092500000|100%| E|CS|TAMS 0x0000000092400000| PB 0x0000000092400000| Complete 
| 101|0x0000000092500000, 0x0000000092600000, 0x0000000092600000|100%| E|CS|TAMS 0x0000000092500000| PB 0x0000000092500000| Complete 
| 102|0x0000000092600000, 0x0000000092700000, 0x0000000092700000|100%| E|CS|TAMS 0x0000000092600000| PB 0x0000000092600000| Complete 
| 103|0x0000000092700000, 0x0000000092800000, 0x0000000092800000|100%| E|CS|TAMS 0x0000000092700000| PB 0x0000000092700000| Complete 
| 104|0x0000000092800000, 0x00000000928414e0, 0x0000000092900000| 25%| S|CS|TAMS 0x0000000092800000| PB 0x0000000092800000| Complete 
| 105|0x0000000092900000, 0x0000000092a00000, 0x0000000092a00000|100%| S|CS|TAMS 0x0000000092900000| PB 0x0000000092900000| Complete 
| 106|0x0000000092a00000, 0x0000000092b00000, 0x0000000092b00000|100%| S|CS|TAMS 0x0000000092a00000| PB 0x0000000092a00000| Complete 
| 107|0x0000000092b00000, 0x0000000092c00000, 0x0000000092c00000|100%| E|CS|TAMS 0x0000000092b00000| PB 0x0000000092b00000| Complete 
| 108|0x0000000092c00000, 0x0000000092d00000, 0x0000000092d00000|100%| E|CS|TAMS 0x0000000092c00000| PB 0x0000000092c00000| Complete 
| 109|0x0000000092d00000, 0x0000000092e00000, 0x0000000092e00000|100%| E|CS|TAMS 0x0000000092d00000| PB 0x0000000092d00000| Complete 
| 110|0x0000000092e00000, 0x0000000092f00000, 0x0000000092f00000|100%| E|CS|TAMS 0x0000000092e00000| PB 0x0000000092e00000| Complete 
| 111|0x0000000092f00000, 0x0000000093000000, 0x0000000093000000|100%| E|CS|TAMS 0x0000000092f00000| PB 0x0000000092f00000| Complete 
| 112|0x0000000093000000, 0x0000000093100000, 0x0000000093100000|100%| E|CS|TAMS 0x0000000093000000| PB 0x0000000093000000| Complete 
| 113|0x0000000093100000, 0x0000000093200000, 0x0000000093200000|100%| E|CS|TAMS 0x0000000093100000| PB 0x0000000093100000| Complete 
| 114|0x0000000093200000, 0x0000000093300000, 0x0000000093300000|100%| E|CS|TAMS 0x0000000093200000| PB 0x0000000093200000| Complete 
| 115|0x0000000093300000, 0x0000000093400000, 0x0000000093400000|100%| E|CS|TAMS 0x0000000093300000| PB 0x0000000093300000| Complete 
| 116|0x0000000093400000, 0x0000000093500000, 0x0000000093500000|100%| E|CS|TAMS 0x0000000093400000| PB 0x0000000093400000| Complete 
| 117|0x0000000093500000, 0x0000000093600000, 0x0000000093600000|100%| E|CS|TAMS 0x0000000093500000| PB 0x0000000093500000| Complete 
| 118|0x0000000093600000, 0x0000000093700000, 0x0000000093700000|100%| E|CS|TAMS 0x0000000093600000| PB 0x0000000093600000| Complete 
| 119|0x0000000093700000, 0x0000000093800000, 0x0000000093800000|100%| E|CS|TAMS 0x0000000093700000| PB 0x0000000093700000| Complete 
| 120|0x0000000093800000, 0x0000000093900000, 0x0000000093900000|100%| E|CS|TAMS 0x0000000093800000| PB 0x0000000093800000| Complete 
| 121|0x0000000093900000, 0x0000000093a00000, 0x0000000093a00000|100%| E|CS|TAMS 0x0000000093900000| PB 0x0000000093900000| Complete 
| 122|0x0000000093a00000, 0x0000000093b00000, 0x0000000093b00000|100%| E|CS|TAMS 0x0000000093a00000| PB 0x0000000093a00000| Complete 
| 123|0x0000000093b00000, 0x0000000093c00000, 0x0000000093c00000|100%| E|CS|TAMS 0x0000000093b00000| PB 0x0000000093b00000| Complete 
| 124|0x0000000093c00000, 0x0000000093d00000, 0x0000000093d00000|100%| E|CS|TAMS 0x0000000093c00000| PB 0x0000000093c00000| Complete 
|1852|0x00000000ffc00000, 0x00000000ffd00000, 0x00000000ffd00000|100%| O|  |TAMS 0x00000000ffc00000| PB 0x00000000ffc00000| Untracked 
|1853|0x00000000ffd00000, 0x00000000ffe00000, 0x00000000ffe00000|100%| O|  |TAMS 0x00000000ffd00000| PB 0x00000000ffd00000| Untracked 
|1854|0x00000000ffe00000, 0x00000000fff00000, 0x00000000fff00000|100%| E|CS|TAMS 0x00000000ffe00000| PB 0x00000000ffe00000| Complete 
|1855|0x00000000fff00000, 0x0000000100000000, 0x0000000100000000|100%| O|  |TAMS 0x00000000fff00000| PB 0x00000000fff00000| Untracked 

Card table byte_map: [0x000002c632d20000,0x000002c6330c0000] _byte_map_base: 0x000002c6328c0000

Marking Bits: (CMBitMap*) 0x000002c620538950
 Bits: [0x000002c6330c0000, 0x000002c634dc0000)

Polling page: 0x000002c61fcb0000

Metaspace:

Usage:
  Non-class:     59.32 MB used.
      Class:      7.43 MB used.
       Both:     66.76 MB used.

Virtual space:
  Non-class space:       64.00 MB reserved,      59.50 MB ( 93%) committed,  1 nodes.
      Class space:        1.00 GB reserved,       7.62 MB ( <1%) committed,  1 nodes.
             Both:        1.06 GB reserved,      67.12 MB (  6%) committed. 

Chunk freelists:
   Non-Class:  4.05 MB
       Class:  8.36 MB
        Both:  12.41 MB

MaxMetaspaceSize: unlimited
CompressedClassSpaceSize: 1.00 GB
Initial GC threshold: 21.00 MB
Current GC threshold: 101.56 MB
CDS: off
 - commit_granule_bytes: 65536.
 - commit_granule_words: 8192.
 - virtual_space_node_default_size: 8388608.
 - enlarge_chunks_in_place: 1.
 - use_allocation_guard: 0.


Internal statistics:

num_allocs_failed_limit: 3.
num_arena_births: 288.
num_arena_deaths: 0.
num_vsnodes_births: 2.
num_vsnodes_deaths: 0.
num_space_committed: 1074.
num_space_uncommitted: 0.
num_chunks_returned_to_freelist: 3.
num_chunks_taken_from_freelist: 2323.
num_chunk_merges: 3.
num_chunk_splits: 1965.
num_chunks_enlarged: 1789.
num_inconsistent_stats: 0.

CodeHeap 'non-profiled nmethods': size=120000Kb used=4149Kb max_used=4149Kb free=115850Kb
 bounds [0x000002c62b120000, 0x000002c62b530000, 0x000002c632650000]
CodeHeap 'profiled nmethods': size=120000Kb used=25355Kb max_used=25355Kb free=94644Kb
 bounds [0x000002c623650000, 0x000002c624f20000, 0x000002c62ab80000]
CodeHeap 'non-nmethods': size=5760Kb used=1642Kb max_used=1672Kb free=4117Kb
 bounds [0x000002c62ab80000, 0x000002c62adf0000, 0x000002c62b120000]
CodeCache: size=245760Kb, used=31146Kb, max_used=31176Kb, free=214611Kb
 total_blobs=8359, nmethods=7565, adapters=696, full_count=0
Compilation: enabled, stopped_count=0, restarted_count=0

Compilation events (20 events):
Event: 98.048 Thread 0x000002c637a1a5f0 8462       3       org.jetbrains.kotlin.types.AbstractTypeApproximator::getVariance (18 bytes)
Event: 98.048 Thread 0x000002c637a1a5f0 nmethod 8462 0x000002c624f03910 code [0x000002c624f03b40, 0x000002c624f041a0]
Event: 98.053 Thread 0x000002c637a1a5f0 8463       3       org.jetbrains.kotlin.fir.types.ConeTypeContext::asDynamicType (11 bytes)
Event: 98.054 Thread 0x000002c637a1a5f0 nmethod 8463 0x000002c624f04410 code [0x000002c624f04660, 0x000002c624f04ff8]
Event: 98.054 Thread 0x000002c637a1a5f0 8464       3       org.jetbrains.kotlin.fir.types.ConeTypeContext::asDynamicType (22 bytes)
Event: 98.054 Thread 0x000002c637a1a5f0 nmethod 8464 0x000002c624f05290 code [0x000002c624f054c0, 0x000002c624f05c78]
Event: 98.059 Thread 0x000002c637a1a5f0 8465       3       org.jetbrains.kotlin.types.AbstractTypeApproximator::typeConstructor (18 bytes)
Event: 98.059 Thread 0x000002c637a1a5f0 nmethod 8465 0x000002c624f05f10 code [0x000002c624f06140, 0x000002c624f067a0]
Event: 98.062 Thread 0x000002c637a1a5f0 8466       3       org.jetbrains.kotlin.fir.types.impl.ConeTypeParameterTypeImpl::<init> (22 bytes)
Event: 98.063 Thread 0x000002c637a1a5f0 nmethod 8466 0x000002c624f06a10 code [0x000002c624f06d20, 0x000002c624f07cd8]
Event: 98.101 Thread 0x000002c637a1a5f0 8467       3       org.jetbrains.kotlin.types.AbstractTypeApproximator::typeDepthForApproximation (18 bytes)
Event: 98.102 Thread 0x000002c637a1a5f0 nmethod 8467 0x000002c624f08310 code [0x000002c624f08540, 0x000002c624f08ba0]
Event: 98.102 Thread 0x000002c637a1a5f0 8468       3       org.jetbrains.kotlin.fir.types.ConeInferenceContext::typeDepthForApproximation (57 bytes)
Event: 98.103 Thread 0x000002c637a1a5f0 nmethod 8468 0x000002c624f08e10 code [0x000002c624f090c0, 0x000002c624f09c58]
Event: 98.103 Thread 0x000002c637a1a5f0 8469       1       org.jetbrains.kotlin.types.TypeApproximatorConfiguration$FrontendToBackendTypesApproximation::getApproximateAllFlexible (2 bytes)
Event: 98.103 Thread 0x000002c637a1a5f0 nmethod 8469 0x000002c62b52d110 code [0x000002c62b52d2a0, 0x000002c62b52d368]
Event: 98.181 Thread 0x000002c637a1a5f0 8470       3       org.jetbrains.kotlin.types.AbstractTypeApproximator::approximateToSuperType (27 bytes)
Event: 98.182 Thread 0x000002c637a1a5f0 nmethod 8470 0x000002c624f09f90 code [0x000002c624f0a2c0, 0x000002c624f0b2d0]
Event: 98.197 Thread 0x000002c637a1a5f0 8471       3       org.jetbrains.kotlin.ir.types.impl.IrSimpleTypeImplKt::makeTypeProjection (143 bytes)
Event: 99.160 Thread 0x000002c637a1a5f0 nmethod 8471 0x000002c624f0b890 code [0x000002c624f0be20, 0x000002c624f0e878]

GC Heap History (20 events):
Event: 55.802 GC heap before
{Heap before GC invocations=20 (full 0):
 garbage-first heap   total 55296K, used 44553K [0x000000008c000000, 0x0000000100000000)
  region size 1024K, 15 young (15360K), 3 survivors (3072K)
 Metaspace       used 52663K, committed 52992K, reserved 1114112K
  class space    used 6206K, committed 6336K, reserved 1048576K
}
Event: 55.815 GC heap after
{Heap after GC invocations=21 (full 0):
 garbage-first heap   total 55296K, used 36864K [0x000000008c000000, 0x0000000100000000)
  region size 1024K, 2 young (2048K), 2 survivors (2048K)
 Metaspace       used 52663K, committed 52992K, reserved 1114112K
  class space    used 6206K, committed 6336K, reserved 1048576K
}
Event: 55.937 GC heap before
{Heap before GC invocations=21 (full 0):
 garbage-first heap   total 55296K, used 46080K [0x000000008c000000, 0x0000000100000000)
  region size 1024K, 12 young (12288K), 2 survivors (2048K)
 Metaspace       used 52667K, committed 52992K, reserved 1114112K
  class space    used 6206K, committed 6336K, reserved 1048576K
}
Event: 55.954 GC heap after
{Heap after GC invocations=22 (full 0):
 garbage-first heap   total 55296K, used 40401K [0x000000008c000000, 0x0000000100000000)
  region size 1024K, 2 young (2048K), 2 survivors (2048K)
 Metaspace       used 52667K, committed 52992K, reserved 1114112K
  class space    used 6206K, committed 6336K, reserved 1048576K
}
Event: 56.417 GC heap before
{Heap before GC invocations=22 (full 0):
 garbage-first heap   total 55296K, used 47569K [0x000000008c000000, 0x0000000100000000)
  region size 1024K, 9 young (9216K), 2 survivors (2048K)
 Metaspace       used 52830K, committed 53120K, reserved 1114112K
  class space    used 6217K, committed 6336K, reserved 1048576K
}
Event: 56.431 GC heap after
{Heap after GC invocations=23 (full 0):
 garbage-first heap   total 101376K, used 43008K [0x000000008c000000, 0x0000000100000000)
  region size 1024K, 2 young (2048K), 2 survivors (2048K)
 Metaspace       used 52830K, committed 53120K, reserved 1114112K
  class space    used 6217K, committed 6336K, reserved 1048576K
}
Event: 63.018 GC heap before
{Heap before GC invocations=24 (full 0):
 garbage-first heap   total 101376K, used 76800K [0x000000008c000000, 0x0000000100000000)
  region size 1024K, 36 young (36864K), 2 survivors (2048K)
 Metaspace       used 55848K, committed 56192K, reserved 1114112K
  class space    used 6578K, committed 6720K, reserved 1048576K
}
Event: 63.064 GC heap after
{Heap after GC invocations=25 (full 0):
 garbage-first heap   total 101376K, used 49990K [0x000000008c000000, 0x0000000100000000)
  region size 1024K, 5 young (5120K), 5 survivors (5120K)
 Metaspace       used 55848K, committed 56192K, reserved 1114112K
  class space    used 6578K, committed 6720K, reserved 1048576K
}
Event: 69.824 GC heap before
{Heap before GC invocations=25 (full 0):
 garbage-first heap   total 101376K, used 81734K [0x000000008c000000, 0x0000000100000000)
  region size 1024K, 36 young (36864K), 5 survivors (5120K)
 Metaspace       used 56783K, committed 57088K, reserved 1114112K
  class space    used 6633K, committed 6720K, reserved 1048576K
}
Event: 69.876 GC heap after
{Heap after GC invocations=26 (full 0):
 garbage-first heap   total 101376K, used 60416K [0x000000008c000000, 0x0000000100000000)
  region size 1024K, 5 young (5120K), 5 survivors (5120K)
 Metaspace       used 56783K, committed 57088K, reserved 1114112K
  class space    used 6633K, committed 6720K, reserved 1048576K
}
Event: 74.882 GC heap before
{Heap before GC invocations=26 (full 0):
 garbage-first heap   total 101376K, used 83968K [0x000000008c000000, 0x0000000100000000)
  region size 1024K, 28 young (28672K), 5 survivors (5120K)
 Metaspace       used 57839K, committed 58112K, reserved 1114112K
  class space    used 6666K, committed 6784K, reserved 1048576K
}
Event: 74.919 GC heap after
{Heap after GC invocations=27 (full 0):
 garbage-first heap   total 101376K, used 65024K [0x000000008c000000, 0x0000000100000000)
  region size 1024K, 4 young (4096K), 4 survivors (4096K)
 Metaspace       used 57839K, committed 58112K, reserved 1114112K
  class space    used 6666K, committed 6784K, reserved 1048576K
}
Event: 83.648 GC heap before
{Heap before GC invocations=28 (full 0):
 garbage-first heap   total 109568K, used 85504K [0x000000008c000000, 0x0000000100000000)
  region size 1024K, 25 young (25600K), 4 survivors (4096K)
 Metaspace       used 61103K, committed 61504K, reserved 1114112K
  class space    used 6988K, committed 7168K, reserved 1048576K
}
Event: 83.677 GC heap after
{Heap after GC invocations=29 (full 0):
 garbage-first heap   total 109568K, used 68521K [0x000000008c000000, 0x0000000100000000)
  region size 1024K, 4 young (4096K), 4 survivors (4096K)
 Metaspace       used 61103K, committed 61504K, reserved 1114112K
  class space    used 6988K, committed 7168K, reserved 1048576K
}
Event: 86.177 GC heap before
{Heap before GC invocations=29 (full 0):
 garbage-first heap   total 109568K, used 92073K [0x000000008c000000, 0x0000000100000000)
  region size 1024K, 27 young (27648K), 4 survivors (4096K)
 Metaspace       used 61613K, committed 62016K, reserved 1114112K
  class space    used 7028K, committed 7232K, reserved 1048576K
}
Event: 86.201 GC heap after
{Heap after GC invocations=30 (full 0):
 garbage-first heap   total 109568K, used 73216K [0x000000008c000000, 0x0000000100000000)
  region size 1024K, 4 young (4096K), 4 survivors (4096K)
 Metaspace       used 61613K, committed 62016K, reserved 1114112K
  class space    used 7028K, committed 7232K, reserved 1048576K
}
Event: 88.252 GC heap before
{Heap before GC invocations=30 (full 0):
 garbage-first heap   total 109568K, used 94720K [0x000000008c000000, 0x0000000100000000)
  region size 1024K, 25 young (25600K), 4 survivors (4096K)
 Metaspace       used 61981K, committed 62336K, reserved 1114112K
  class space    used 7037K, committed 7232K, reserved 1048576K
}
Event: 88.282 GC heap after
{Heap after GC invocations=31 (full 0):
 garbage-first heap   total 109568K, used 78287K [0x000000008c000000, 0x0000000100000000)
  region size 1024K, 4 young (4096K), 4 survivors (4096K)
 Metaspace       used 61981K, committed 62336K, reserved 1114112K
  class space    used 7037K, committed 7232K, reserved 1048576K
}
Event: 92.669 GC heap before
{Heap before GC invocations=32 (full 0):
 garbage-first heap   total 132096K, used 96719K [0x000000008c000000, 0x0000000100000000)
  region size 1024K, 23 young (23552K), 4 survivors (4096K)
 Metaspace       used 65966K, committed 66304K, reserved 1114112K
  class space    used 7393K, committed 7552K, reserved 1048576K
}
Event: 92.684 GC heap after
{Heap after GC invocations=33 (full 0):
 garbage-first heap   total 132096K, used 80938K [0x000000008c000000, 0x0000000100000000)
  region size 1024K, 3 young (3072K), 3 survivors (3072K)
 Metaspace       used 65966K, committed 66304K, reserved 1114112K
  class space    used 7393K, committed 7552K, reserved 1048576K
}

Dll operation events (3 events):
Event: 0.261 Loaded shared library C:\Program Files\Android\Android Studio\jbr\bin\java.dll
Event: 0.393 Loaded shared library C:\Program Files\Android\Android Studio\jbr\bin\zip.dll
Event: 22.595 Loaded shared library C:\Program Files\Android\Android Studio\jbr\bin\verify.dll

Deoptimization events (20 events):
Event: 93.476 Thread 0x000002c61e2b1510 Uncommon trap: trap_request=0xffffffc6 fr.pc=0x000002c62b3c07ec relative=0x000000000000062c
Event: 93.476 Thread 0x000002c61e2b1510 Uncommon trap: reason=bimorphic_or_optimized_type_check action=maybe_recompile pc=0x000002c62b3c07ec method=kotlin.collections.CollectionsKt___CollectionsKt.toList(Ljava/lang/Iterable;)Ljava/util/List; @ 62 c2
Event: 93.476 Thread 0x000002c61e2b1510 DEOPT PACKING pc=0x000002c62b3c07ec sp=0x000000d40a5fc450
Event: 93.476 Thread 0x000002c61e2b1510 DEOPT UNPACKING pc=0x000002c62abd43a2 sp=0x000000d40a5fc418 mode 2
Event: 93.587 Thread 0x000002c61e2b1510 Uncommon trap: trap_request=0xffffffc6 fr.pc=0x000002c62b3c07ec relative=0x000000000000062c
Event: 93.587 Thread 0x000002c61e2b1510 Uncommon trap: reason=bimorphic_or_optimized_type_check action=maybe_recompile pc=0x000002c62b3c07ec method=kotlin.collections.CollectionsKt___CollectionsKt.toList(Ljava/lang/Iterable;)Ljava/util/List; @ 62 c2
Event: 93.587 Thread 0x000002c61e2b1510 DEOPT PACKING pc=0x000002c62b3c07ec sp=0x000000d40a5fc220
Event: 93.587 Thread 0x000002c61e2b1510 DEOPT UNPACKING pc=0x000002c62abd43a2 sp=0x000000d40a5fc1e8 mode 2
Event: 93.823 Thread 0x000002c61e2b1510 Uncommon trap: trap_request=0xffffffc6 fr.pc=0x000002c62b4be8ec relative=0x000000000000026c
Event: 93.824 Thread 0x000002c61e2b1510 Uncommon trap: reason=bimorphic_or_optimized_type_check action=maybe_recompile pc=0x000002c62b4be8ec method=org.jetbrains.kotlin.fir.types.CustomAnnotationTypeAttributeKt.getCustomAnnotations(Lorg/jetbrains/kotlin/fir/types/ConeKotlinType;)Ljava/util/List
Event: 93.824 Thread 0x000002c61e2b1510 DEOPT PACKING pc=0x000002c62b4be8ec sp=0x000000d40a5fab40
Event: 93.824 Thread 0x000002c61e2b1510 DEOPT UNPACKING pc=0x000002c62abd43a2 sp=0x000000d40a5faa68 mode 2
Event: 94.889 Thread 0x000002c61e2b1510 Uncommon trap: trap_request=0xffffff45 fr.pc=0x000002c62b36462c relative=0x00000000000032ac
Event: 94.889 Thread 0x000002c61e2b1510 Uncommon trap: reason=unstable_if action=reinterpret pc=0x000002c62b36462c method=org.jetbrains.kotlin.fir.java.FirJavaTypeConversionMode.getInsideAnnotation()Z @ 11 c2
Event: 94.889 Thread 0x000002c61e2b1510 DEOPT PACKING pc=0x000002c62b36462c sp=0x000000d40a5fa8d0
Event: 94.889 Thread 0x000002c61e2b1510 DEOPT UNPACKING pc=0x000002c62abd43a2 sp=0x000000d40a5fa7c8 mode 2
Event: 94.889 Thread 0x000002c61e2b1510 Uncommon trap: trap_request=0xffffff45 fr.pc=0x000002c62b3648ec relative=0x000000000000356c
Event: 94.889 Thread 0x000002c61e2b1510 Uncommon trap: reason=unstable_if action=reinterpret pc=0x000002c62b3648ec method=org.jetbrains.kotlin.fir.java.JavaTypeConversionKt.toConeTypeProjection(Lorg/jetbrains/kotlin/load/java/structure/JavaType;Lorg/jetbrains/kotlin/fir/FirSession;Lorg/jetbrain
Event: 94.889 Thread 0x000002c61e2b1510 DEOPT PACKING pc=0x000002c62b3648ec sp=0x000000d40a5fa980
Event: 94.889 Thread 0x000002c61e2b1510 DEOPT UNPACKING pc=0x000002c62abd43a2 sp=0x000000d40a5fa8e0 mode 2

Classes loaded (20 events):
Event: 78.013 Loading class java/text/MessageFormat
Event: 78.056 Loading class java/text/Format
Event: 78.060 Loading class java/text/Format done
Event: 78.060 Loading class java/text/MessageFormat done
Event: 78.088 Loading class java/util/Locale$Category
Event: 78.101 Loading class java/util/Locale$Category done
Event: 78.781 Loading class java/text/ChoiceFormat
Event: 78.797 Loading class java/text/NumberFormat
Event: 78.803 Loading class java/text/NumberFormat done
Event: 78.804 Loading class java/text/ChoiceFormat done
Event: 79.378 Loading class java/util/RegularEnumSet$EnumSetIterator
Event: 79.390 Loading class java/util/RegularEnumSet$EnumSetIterator done
Event: 81.109 Loading class java/util/EnumMap$EntrySet
Event: 81.127 Loading class java/util/EnumMap$EntrySet done
Event: 81.127 Loading class java/util/EnumMap$EntryIterator
Event: 81.138 Loading class java/util/EnumMap$EnumMapIterator
Event: 81.140 Loading class java/util/EnumMap$EnumMapIterator done
Event: 81.140 Loading class java/util/EnumMap$EntryIterator done
Event: 81.140 Loading class java/util/EnumMap$EntryIterator$Entry
Event: 81.146 Loading class java/util/EnumMap$EntryIterator$Entry done

Classes unloaded (0 events):
No events

Classes redefined (0 events):
No events

Internal exceptions (20 events):
Event: 50.776 Thread 0x000002c61e2b1510 Exception <a 'java/lang/NoSuchMethodError'{0x000000009339a800}: 'java.lang.Object java.lang.invoke.Invokers$Holder.linkToTargetMethod(java.lang.Object, java.lang.Object, java.lang.Object, int, java.lang.Object)'> (0x000000009339a800) 
thrown [s\src\hotspot\share\interpreter\linkResolver.cpp, line 784]
Event: 50.791 Thread 0x000002c61e2b1510 Implicit null exception at 0x000002c62b1f4cbe to 0x000002c62b1f4f84
Event: 54.950 Thread 0x000002c61e2b1510 Exception <a 'java/lang/NoSuchMethodError'{0x000000008e501db0}: 'java.lang.Object java.lang.invoke.DirectMethodHandle$Holder.newInvokeSpecial(java.lang.Object, java.lang.Object, java.lang.Object, java.lang.Object, int, java.lang.Object, java.lang.Object)'> (0x000000008e501db0) 
thrown [s\src\hotspot\share\interpreter\linkResolver.cpp, line 784]
Event: 54.952 Thread 0x000002c61e2b1510 Exception <a 'java/lang/NoSuchMethodError'{0x000000008e509f00}: 'java.lang.Object java.lang.invoke.Invokers$Holder.linkToTargetMethod(java.lang.Object, java.lang.Object, java.lang.Object, int, java.lang.Object, java.lang.Object, java.lang.Object)'> (0x000000008e509f00) 
thrown [s\src\hotspot\share\interpreter\linkResolver.cpp, line 784]
Event: 57.724 Thread 0x000002c61e2b1510 Exception <a 'java/lang/NoSuchMethodError'{0x000000009193aef0}: 'java.lang.Object java.lang.invoke.DirectMethodHandle$Holder.invokeSpecial(java.lang.Object, java.lang.Object, int, java.lang.Object, java.lang.Object)'> (0x000000009193aef0) 
thrown [s\src\hotspot\share\interpreter\linkResolver.cpp, line 784]
Event: 57.950 Thread 0x000002c61e2b1510 Exception <a 'java/lang/NoSuchMethodError'{0x0000000091981438}: 'java.lang.Object java.lang.invoke.DirectMethodHandle$Holder.invokeStatic(java.lang.Object, int, java.lang.Object, java.lang.Object)'> (0x0000000091981438) 
thrown [s\src\hotspot\share\interpreter\linkResolver.cpp, line 784]
Event: 57.952 Thread 0x000002c61e2b1510 Exception <a 'java/lang/NoSuchMethodError'{0x00000000919887a8}: 'java.lang.Object java.lang.invoke.DirectMethodHandle$Holder.newInvokeSpecial(java.lang.Object, int, java.lang.Object)'> (0x00000000919887a8) 
thrown [s\src\hotspot\share\interpreter\linkResolver.cpp, line 784]
Event: 66.715 Thread 0x000002c61e2b1510 Exception <a 'java/lang/NoSuchMethodError'{0x000000009098ab30}: 'java.lang.Object java.lang.invoke.DirectMethodHandle$Holder.newInvokeSpecial(java.lang.Object, java.lang.Object, java.lang.Object, java.lang.Object, java.lang.Object, java.lang.Object, java.lang.Object, java.lang.Object, java.lang.Object)'> (0x000000009098ab30) 
thrown [s\src\hotspot\share\interpreter\linkResolver.cpp, line 784]
Event: 68.364 Thread 0x000002c61e2b1510 Exception <a 'java/lang/NoSuchMethodError'{0x000000009055a958}: 'java.lang.Object java.lang.invoke.DirectMethodHandle$Holder.invokeStatic(java.lang.Object, java.lang.Object, java.lang.Object, int, java.lang.Object, java.lang.Object)'> (0x000000009055a958) 
thrown [s\src\hotspot\share\interpreter\linkResolver.cpp, line 784]
Event: 79.204 Thread 0x000002c61e2b1510 Exception <a 'java/lang/NoSuchMethodError'{0x0000000091d179f8}: 'java.lang.Object java.lang.invoke.DirectMethodHandle$Holder.invokeStatic(java.lang.Object, int, int, java.lang.Object)'> (0x0000000091d179f8) 
thrown [s\src\hotspot\share\interpreter\linkResolver.cpp, line 784]
Event: 79.214 Thread 0x000002c61e2b1510 Exception <a 'java/lang/NoSuchMethodError'{0x0000000091d1b0d8}: 'java.lang.Object java.lang.invoke.DirectMethodHandle$Holder.invokeStaticInit(java.lang.Object, int, int, java.lang.Object)'> (0x0000000091d1b0d8) 
thrown [s\src\hotspot\share\interpreter\linkResolver.cpp, line 784]
Event: 81.149 Thread 0x000002c61e2b1510 Implicit null exception at 0x000002c62b216fe3 to 0x000002c62b2171c0
Event: 84.475 Thread 0x000002c61e2b1510 Exception <a 'java/lang/NoSuchMethodError'{0x00000000923ac810}: 'java.lang.Object java.lang.invoke.DirectMethodHandle$Holder.invokeSpecial(java.lang.Object, java.lang.Object, java.lang.Object, int, java.lang.Object, java.lang.Object, java.lang.Object)'> (0x00000000923ac810) 
thrown [s\src\hotspot\share\interpreter\linkResolver.cpp, line 784]
Event: 84.478 Thread 0x000002c61e2b1510 Exception <a 'java/lang/NoSuchMethodError'{0x00000000923afe88}: 'java.lang.Object java.lang.invoke.Invokers$Holder.linkToTargetMethod(java.lang.Object, int, java.lang.Object, java.lang.Object, java.lang.Object, java.lang.Object)'> (0x00000000923afe88) 
thrown [s\src\hotspot\share\interpreter\linkResolver.cpp, line 784]
Event: 85.424 Thread 0x000002c61e2b1510 Exception <a 'java/lang/NoSuchMethodError'{0x00000000915eb9a0}: 'java.lang.Object java.lang.invoke.DirectMethodHandle$Holder.newInvokeSpecial(java.lang.Object, java.lang.Object, java.lang.Object, java.lang.Object, java.lang.Object, java.lang.Object, int)'> (0x00000000915eb9a0) 
thrown [s\src\hotspot\share\interpreter\linkResolver.cpp, line 784]
Event: 85.425 Thread 0x000002c61e2b1510 Exception <a 'java/lang/NoSuchMethodError'{0x00000000915f01d8}: 'java.lang.Object java.lang.invoke.DirectMethodHandle$Holder.invokeSpecial(java.lang.Object, java.lang.Object, java.lang.Object, java.lang.Object, java.lang.Object, java.lang.Object, java.lang.Object, int)'> (0x00000000915f01d8) 
thrown [s\src\hotspot\share\interpreter\linkResolver.cpp, line 784]
Event: 89.746 Thread 0x000002c61e2b1510 Implicit null exception at 0x000002c62b26d7a2 to 0x000002c62b26dab4
Event: 89.757 Thread 0x000002c61e2b1510 Implicit null exception at 0x000002c62b1c0722 to 0x000002c62b1c0a34
Event: 93.151 Thread 0x000002c61e2b1510 Exception <a 'java/lang/NoSuchMethodError'{0x0000000093c526a8}: 'java.lang.Object java.lang.invoke.DirectMethodHandle$Holder.newInvokeSpecial(java.lang.Object, java.lang.Object, java.lang.Object, java.lang.Object, java.lang.Object, java.lang.Object, java.lang.Object, java.lang.Object, int)'> (0x0000000093c526a8) 
thrown [s\src\hotspot\share\interpreter\linkResolver.cpp, line 784]
Event: 93.171 Thread 0x000002c61e2b1510 Exception <a 'java/lang/NoSuchMethodError'{0x0000000093c573a0}: 'java.lang.Object java.lang.invoke.DirectMethodHandle$Holder.invokeSpecial(java.lang.Object, java.lang.Object, java.lang.Object, java.lang.Object, java.lang.Object, java.lang.Object, java.lang.Object, java.lang.Object, java.lang.Object, int)'> (0x0000000093c573a0) 
thrown [s\src\hotspot\share\interpreter\linkResolver.cpp, line 784]

ZGC Phase Switch (0 events):
No events

VM Operations (20 events):
Event: 89.910 Executing non-safepoint VM operation: HandshakeAllThreads (Deoptimize) done
Event: 90.913 Executing safepoint VM operation: Cleanup
Event: 90.929 Executing safepoint VM operation: Cleanup done
Event: 92.132 Executing non-safepoint VM operation: HandshakeAllThreads (Deoptimize)
Event: 92.132 Executing non-safepoint VM operation: HandshakeAllThreads (Deoptimize) done
Event: 92.669 Executing safepoint VM operation: G1CollectForAllocation (G1 Evacuation Pause)
Event: 92.684 Executing safepoint VM operation: G1CollectForAllocation (G1 Evacuation Pause) done
Event: 92.947 Executing non-safepoint VM operation: HandshakeAllThreads (Deoptimize)
Event: 92.971 Executing non-safepoint VM operation: HandshakeAllThreads (Deoptimize) done
Event: 93.983 Executing safepoint VM operation: Cleanup
Event: 93.983 Executing safepoint VM operation: Cleanup done
Event: 94.984 Executing safepoint VM operation: Cleanup
Event: 94.984 Executing safepoint VM operation: Cleanup done
Event: 95.989 Executing safepoint VM operation: Cleanup
Event: 95.989 Executing safepoint VM operation: Cleanup done
Event: 97.003 Executing safepoint VM operation: Cleanup
Event: 97.004 Executing safepoint VM operation: Cleanup done
Event: 98.004 Executing safepoint VM operation: Cleanup
Event: 98.005 Executing safepoint VM operation: Cleanup done
Event: 99.018 Executing safepoint VM operation: Cleanup

Memory protections (0 events):
No events

Nmethod flushes (20 events):
Event: 88.468 Thread 0x000002c637847ab0 flushing  nmethod 0x000002c623e32b10
Event: 88.468 Thread 0x000002c637847ab0 flushing  nmethod 0x000002c623e44990
Event: 88.468 Thread 0x000002c637847ab0 flushing  nmethod 0x000002c623e45510
Event: 88.468 Thread 0x000002c637847ab0 flushing  nmethod 0x000002c623e47510
Event: 88.468 Thread 0x000002c637847ab0 flushing  nmethod 0x000002c623e47a10
Event: 88.468 Thread 0x000002c637847ab0 flushing  nmethod 0x000002c623e73610
Event: 88.468 Thread 0x000002c637847ab0 flushing  nmethod 0x000002c623eadc90
Event: 88.468 Thread 0x000002c637847ab0 flushing  nmethod 0x000002c623eae710
Event: 88.468 Thread 0x000002c637847ab0 flushing  nmethod 0x000002c623f0e890
Event: 88.468 Thread 0x000002c637847ab0 flushing  nmethod 0x000002c623f10d10
Event: 88.468 Thread 0x000002c637847ab0 flushing  nmethod 0x000002c623f4f910
Event: 88.468 Thread 0x000002c637847ab0 flushing  nmethod 0x000002c623fb3f90
Event: 88.468 Thread 0x000002c637847ab0 flushing  nmethod 0x000002c623feb610
Event: 88.468 Thread 0x000002c637847ab0 flushing  nmethod 0x000002c6240af790
Event: 88.468 Thread 0x000002c637847ab0 flushing  nmethod 0x000002c62417d810
Event: 88.468 Thread 0x000002c637847ab0 flushing  nmethod 0x000002c62417f590
Event: 88.468 Thread 0x000002c637847ab0 flushing  nmethod 0x000002c624181d90
Event: 88.468 Thread 0x000002c637847ab0 flushing  nmethod 0x000002c6241b3710
Event: 88.468 Thread 0x000002c637847ab0 flushing  nmethod 0x000002c6241fa790
Event: 88.468 Thread 0x000002c637847ab0 flushing  nmethod 0x000002c624235f90

Events (19 events):
Event: 0.335 Thread 0x000002c61e2b1510 Thread added: 0x000002c61e2b1510
Event: 1.167 Thread 0x000002c61e2b1510 Thread added: 0x000002c6379c4d30
Event: 1.195 Thread 0x000002c61e2b1510 Thread added: 0x000002c6379f2810
Event: 1.196 Thread 0x000002c61e2b1510 Thread added: 0x000002c6379f6280
Event: 1.201 Thread 0x000002c61e2b1510 Thread added: 0x000002c637a0ffc0
Event: 1.201 Thread 0x000002c61e2b1510 Thread added: 0x000002c6379f7090
Event: 1.201 Thread 0x000002c61e2b1510 Thread added: 0x000002c6379f7700
Event: 1.201 Thread 0x000002c61e2b1510 Thread added: 0x000002c637a14e20
Event: 1.202 Thread 0x000002c61e2b1510 Thread added: 0x000002c6379fb180
Event: 1.216 Thread 0x000002c61e2b1510 Thread added: 0x000002c637a1a5f0
Event: 1.497 Thread 0x000002c61e2b1510 Thread added: 0x000002c637bc0340
Event: 1.618 Loaded shared library C:\Program Files\Android\Android Studio\jbr\bin\net.dll
Event: 1.639 Loaded shared library C:\Program Files\Android\Android Studio\jbr\bin\nio.dll
Event: 2.062 Loaded shared library C:\Program Files\Android\Android Studio\jbr\bin\zip.dll
Event: 2.705 Loaded shared library C:\Program Files\Android\Android Studio\jbr\bin\jimage.dll
Event: 6.357 Loaded shared library C:\Program Files\Android\Android Studio\jbr\bin\management.dll
Event: 6.480 Loaded shared library C:\Program Files\Android\Android Studio\jbr\bin\management_ext.dll
Event: 88.607 Thread 0x000002c637a1a5f0 Thread added: 0x000002c64254edd0
Event: 89.507 Thread 0x000002c64254edd0 Thread exited: 0x000002c64254edd0


Dynamic libraries:
0x00007ff723010000 - 0x00007ff72301a000 	C:\Program Files\Android\Android Studio\jbr\bin\java.exe
0x00007ff83db00000 - 0x00007ff83dd66000 	C:\windows\SYSTEM32\ntdll.dll
0x00007ff83d240000 - 0x00007ff83d309000 	C:\windows\System32\KERNEL32.DLL
0x00007ff83b360000 - 0x00007ff83b75f000 	C:\windows\System32\KERNELBASE.dll
0x00007ff83aed0000 - 0x00007ff83b01c000 	C:\windows\System32\ucrtbase.dll
0x00007ff8250c0000 - 0x00007ff8250db000 	C:\Program Files\Android\Android Studio\jbr\bin\VCRUNTIME140.dll
0x00007ff816e60000 - 0x00007ff816e78000 	C:\Program Files\Android\Android Studio\jbr\bin\jli.dll
0x00007ff83d480000 - 0x00007ff83d646000 	C:\windows\System32\USER32.dll
0x00007ff83ad10000 - 0x00007ff83ad37000 	C:\windows\System32\win32u.dll
0x00007ff83c5f0000 - 0x00007ff83c61b000 	C:\windows\System32\GDI32.dll
0x00007ff83b030000 - 0x00007ff83b159000 	C:\windows\System32\gdi32full.dll
0x00007ff83b160000 - 0x00007ff83b203000 	C:\windows\System32\msvcp_win.dll
0x00007ff81cdf0000 - 0x00007ff81d081000 	C:\windows\WinSxS\amd64_microsoft.windows.common-controls_6595b64144ccf1df_6.0.26100.8972_none_3e0da176e32f9d4b\COMCTL32.dll
0x00007ff83d650000 - 0x00007ff83d6f9000 	C:\windows\System32\msvcrt.dll
0x00007ff83c310000 - 0x00007ff83c342000 	C:\windows\System32\IMM32.DLL
0x00007ff834e60000 - 0x00007ff834e6c000 	C:\Program Files\Android\Android Studio\jbr\bin\vcruntime140_1.dll
0x00007fffe94b0000 - 0x00007fffe953d000 	C:\Program Files\Android\Android Studio\jbr\bin\msvcp140.dll
0x00007fff6ac90000 - 0x00007fff6b926000 	C:\Program Files\Android\Android Studio\jbr\bin\server\jvm.dll
0x00007ff83c060000 - 0x00007ff83c11c000 	C:\windows\System32\ADVAPI32.dll
0x00007ff83d700000 - 0x00007ff83d7aa000 	C:\windows\System32\sechost.dll
0x00007ff83bc10000 - 0x00007ff83bd28000 	C:\windows\System32\RPCRT4.dll
0x00007ff83c350000 - 0x00007ff83c3d2000 	C:\windows\System32\WS2_32.dll
0x00007ff83ab90000 - 0x00007ff83abee000 	C:\windows\SYSTEM32\POWRPROF.dll
0x00007ff82cd10000 - 0x00007ff82cd1b000 	C:\windows\SYSTEM32\VERSION.dll
0x00007ff830370000 - 0x00007ff8303a6000 	C:\windows\SYSTEM32\WINMM.dll
0x00007ff83ab70000 - 0x00007ff83ab85000 	C:\windows\SYSTEM32\UMPDC.dll
0x00007ff839a00000 - 0x00007ff839a1b000 	C:\windows\SYSTEM32\kernel.appcore.dll
0x00007ff829d40000 - 0x00007ff829d4a000 	C:\Program Files\Android\Android Studio\jbr\bin\jimage.dll
0x00007ff82d340000 - 0x00007ff82d582000 	C:\windows\SYSTEM32\DBGHELP.DLL
0x00007ff83b830000 - 0x00007ff83bbb5000 	C:\windows\System32\combase.dll
0x00007ff83d7b0000 - 0x00007ff83d889000 	C:\windows\System32\OLEAUT32.dll
0x00007ff816840000 - 0x00007ff81687b000 	C:\windows\SYSTEM32\dbgcore.DLL
0x00007ff83b210000 - 0x00007ff83b2bc000 	C:\windows\System32\bcryptPrimitives.dll
0x00007ff81e6f0000 - 0x00007ff81e710000 	C:\Program Files\Android\Android Studio\jbr\bin\java.dll
0x00007ff81c2b0000 - 0x00007ff81c2c8000 	C:\Program Files\Android\Android Studio\jbr\bin\zip.dll
0x00007ff83cab0000 - 0x00007ff83d238000 	C:\windows\System32\SHELL32.dll
0x00007ff8387a0000 - 0x00007ff83903b000 	C:\windows\SYSTEM32\windows.storage.dll
0x00007ff83c470000 - 0x00007ff83c569000 	C:\windows\System32\SHCORE.dll
0x00007ff83c400000 - 0x00007ff83c466000 	C:\windows\System32\shlwapi.dll
0x00007ff83ac30000 - 0x00007ff83ac59000 	C:\windows\SYSTEM32\profapi.dll
0x00007ff828e90000 - 0x00007ff828ea0000 	C:\Program Files\Android\Android Studio\jbr\bin\net.dll
0x00007ff833ec0000 - 0x00007ff833fe8000 	C:\windows\SYSTEM32\WINHTTP.dll
0x00007ff839fb0000 - 0x00007ff83a01c000 	C:\windows\system32\mswsock.dll
0x00007ff81af80000 - 0x00007ff81af96000 	C:\Program Files\Android\Android Studio\jbr\bin\nio.dll
0x00007ff820da0000 - 0x00007ff820da9000 	C:\Program Files\Android\Android Studio\jbr\bin\management.dll
0x00007ff81e6c0000 - 0x00007ff81e6cb000 	C:\Program Files\Android\Android Studio\jbr\bin\management_ext.dll
0x00007ff83d8b0000 - 0x00007ff83d8b8000 	C:\windows\System32\PSAPI.DLL
0x00007ff81af50000 - 0x00007ff81af60000 	C:\Program Files\Android\Android Studio\jbr\bin\verify.dll

JVMTI agents: none

dbghelp: loaded successfully - version: 4.0.5 - missing functions: none
symbol engine: initialized successfully - sym options: 0x614 - pdb path: .;C:\Program Files\Android\Android Studio\jbr\bin;C:\windows\SYSTEM32;C:\windows\WinSxS\amd64_microsoft.windows.common-controls_6595b64144ccf1df_6.0.26100.8972_none_3e0da176e32f9d4b;C:\Program Files\Android\Android Studio\jbr\bin\server

VM Arguments:
java_command: org.jetbrains.kotlin.cli.jvm.K2JVMCompiler @C:\Astrotraker\Astrotraker2\Android studio\app\build\20260901_9370745834674830651.compiler.options
java_class_path (initial): C:\Users\fabri\.gradle\caches\modules-2\files-2.1\org.jetbrains.kotlin\kotlin-compiler-embeddable\2.2.10\6882d39ef03b18879c1a5d2a83c2212361bed5fe\kotlin-compiler-embeddable-2.2.10.jar;C:\Users\fabri\.gradle\caches\modules-2\files-2.1\org.jetbrains.kotlin\kotlin-stdlib\2.2.10\30de6faa127a4a012db8e71bf1b9c0a99b1402b2\kotlin-stdlib-2.2.10.jar;C:\Users\fabri\.gradle\caches\modules-2\files-2.1\org.jetbrains.kotlin\kotlin-script-runtime\2.2.10\712f9bc08f378c13a4a00f0bbb28c76e59183e83\kotlin-script-runtime-2.2.10.jar;C:\Users\fabri\.gradle\caches\modules-2\files-2.1\org.jetbrains.kotlin\kotlin-reflect\1.6.10\1cbe9c92c12a94eea200d23c2bbaedaf3daf5132\kotlin-reflect-1.6.10.jar;C:\Users\fabri\.gradle\caches\modules-2\files-2.1\org.jetbrains.kotlin\kotlin-daemon-embeddable\2.2.10\212fd3c2c6e4e5d0f4db3c4191233e2b622380cc\kotlin-daemon-embeddable-2.2.10.jar;C:\Users\fabri\.gradle\caches\modules-2\files-2.1\org.jetbrains.kotlinx\kotlinx-coroutines-core-jvm\1.8.0\ac1dc37a30a93150b704022f8d895ee1bd3a36b3\kotlinx-coroutines-core-jvm-1.8.0.jar;C:\Users\fabri\.gradle\caches\modules-2\files-2.1\org.jetbrains\annotations\13.0\919f0dfe192fb4e063e7dacadee7f8bb9a2672a9\annotations-13.0.jar
Launcher Type: SUN_STANDARD

[Global flags]
     intx CICompilerCount                          = 4                                         {product} {ergonomic}
     uint ConcGCThreads                            = 2                                         {product} {ergonomic}
     uint G1ConcRefinementThreads                  = 8                                         {product} {ergonomic}
   size_t G1HeapRegionSize                         = 1048576                                   {product} {ergonomic}
    uintx GCDrainStackTargetSize                   = 64                                        {product} {ergonomic}
   size_t InitialHeapSize                          = 121634816                                 {product} {ergonomic}
   size_t MarkStackSize                            = 4194304                                   {product} {ergonomic}
   size_t MaxHeapSize                              = 1946157056                                {product} {ergonomic}
   size_t MaxNewSize                               = 1167065088                                {product} {ergonomic}
   size_t MinHeapDeltaBytes                        = 1048576                                   {product} {ergonomic}
   size_t MinHeapSize                              = 8388608                                   {product} {ergonomic}
    uintx NonNMethodCodeHeapSize                   = 5839372                                {pd product} {ergonomic}
    uintx NonProfiledCodeHeapSize                  = 122909434                              {pd product} {ergonomic}
    uintx ProfiledCodeHeapSize                     = 122909434                              {pd product} {ergonomic}
    uintx ReservedCodeCacheSize                    = 251658240                              {pd product} {ergonomic}
     bool SegmentedCodeCache                       = true                                      {product} {ergonomic}
   size_t SoftMaxHeapSize                          = 1946157056                             {manageable} {ergonomic}
     bool UseCompressedOops                        = true                           {product lp64_product} {ergonomic}
     bool UseG1GC                                  = true                                      {product} {ergonomic}
     bool UseLargePagesIndividualAllocation        = false                                  {pd product} {ergonomic}

Logging:
Log output configuration:
 #0: stdout all=warning uptime,level,tags foldmultilines=false
 #1: stderr all=off uptime,level,tags foldmultilines=false

Release file:
JAVA_VERSION="21.0.10" 
MODULES="java.base java.compiler java.datatransfer java.xml java.prefs java.desktop java.instrument java.logging java.management java.security.sasl java.naming java.rmi java.management.rmi java.net.http java.scripting java.security.jgss java.transaction.xa java.sql java.sql.rowset java.xml.crypto java.se java.smartcardio jdk.accessibility jdk.internal.jvmstat jdk.attach jdk.charsets jdk.internal.opt jdk.zipfs jdk.compiler jdk.crypto.ec jdk.crypto.cryptoki jdk.dynalink jdk.hotspot.agent jdk.httpserver jdk.internal.ed jdk.internal.le jdk.internal.vm.ci jdk.jartool jdk.javadoc jdk.jcmd jdk.jdeps jdk.jdwp.agent jdk.jdi jdk.jfr jdk.jlink jdk.jsobject jdk.localedata jdk.management jdk.management.agent jdk.management.jfr jdk.naming.dns jdk.naming.rmi jdk.net jdk.sctp jdk.security.auth jdk.security.jgss jdk.unsupported jdk.unsupported.desktop jdk.xml.dom" 
IMPLEMENTOR="JetBrains s.r.o." 
JAVA_RUNTIME_VERSION="21.0.10+-14961533-b1163.108" 
LIBC="default" 
OS_ARCH="x86_64" 
OS_NAME="Windows" 
SOURCE=".:git:1351622c2ff2" 

Environment Variables:
PATH=C:\windows\system32;C:\windows;C:\windows\System32\Wbem;C:\windows\System32\WindowsPowerShell\v1.0\;C:\windows\System32\OpenSSH\;C:\Program Files\dotnet\;C:\Users\fabri\AppData\Local\Microsoft\WindowsApps;C:\Users\fabri\AppData\Local\Python\bin;C:\Python\Microsoft VS Code\bin
USERNAME=fabri
OS=Windows_NT
PROCESSOR_IDENTIFIER=AMD64 Family 23 Model 160 Stepping 0, AuthenticAMD
TMP=C:\Users\fabri\AppData\Local\Temp
TEMP=C:\Users\fabri\AppData\Local\Temp




Periodic native trim disabled

JNI global refs:
JNI global refs: 11, weak refs: 7

JNI global refs memory usage: 835, weak refs: 833

Process memory usage:
Resident Set Size: 175964K (2% of 7596472K total physical memory with 172688K free physical memory)

OOME stack traces (most recent first):
Classloader memory used:
Loader jdk.internal.loader.ClassLoaders$AppClassLoader                                 : 55852K
Loader bootstrap                                                                       : 11804K
Loader jdk.internal.jrtfs.JrtFileSystemProvider$JrtFsLoader                            : 325K
Loader java.net.URLClassLoader                                                         : 310K
Loader jdk.internal.loader.ClassLoaders$PlatformClassLoader                            : 67880B

Classes loaded by more than one classloader:
Class jdk.internal.jimage.BasicImageReader                                            : loaded 2 times (x 95B)
Class jdk.internal.jimage.decompressor.StringSharingDecompressorFactory               : loaded 2 times (x 74B)
Class jdk.internal.jrtfs.JrtFileSystemProvider                                        : loaded 2 times (x 101B)
Class jdk.internal.jimage.ImageLocation                                               : loaded 2 times (x 90B)
Class jdk.internal.jimage.ImageBufferCache$1                                          : loaded 2 times (x 83B)
Class jdk.internal.jimage.ImageBufferCache$2                                          : loaded 2 times (x 91B)
Class jdk.internal.jimage.ImageHeader                                                 : loaded 2 times (x 71B)
Class jdk.internal.jimage.decompressor.ResourceDecompressor                           : loaded 2 times (x 70B)
Class jdk.internal.jimage.ImageStringsReader                                          : loaded 2 times (x 80B)
Class jdk.internal.jimage.ImageReader                                                 : loaded 2 times (x 75B)
Class jdk.internal.jimage.ImageReader$SharedImageReader                               : loaded 2 times (x 95B)
Class jdk.internal.jimage.decompressor.ResourceDecompressorFactory                    : loaded 2 times (x 74B)
Class jdk.internal.jimage.ImageReader$Node                                            : loaded 2 times (x 84B)
Class jdk.internal.jimage.BasicImageReader$1                                          : loaded 2 times (x 77B)
Class jdk.internal.jimage.decompressor.Decompressor                                   : loaded 2 times (x 72B)
Class jdk.internal.jimage.ImageBufferCache                                            : loaded 2 times (x 71B)
Class jdk.internal.jrtfs.JrtPath                                                      : loaded 2 times (x 118B)
Class jdk.internal.jimage.decompressor.ResourceDecompressorRepository                 : loaded 2 times (x 71B)
Class jdk.internal.jimage.ImageReader$Directory                                       : loaded 2 times (x 84B)
Class jdk.internal.jimage.decompressor.ZipDecompressorFactory                         : loaded 2 times (x 74B)
Class jdk.internal.jimage.decompressor.ZipDecompressor                                : loaded 2 times (x 75B)
Class jdk.internal.jimage.ImageStrings                                                : loaded 2 times (x 70B)
Class jdk.internal.jrtfs.JrtFileSystem                                                : loaded 2 times (x 102B)
Class jdk.internal.jimage.decompressor.CompressedResourceHeader                       : loaded 2 times (x 71B)
Class jdk.internal.jimage.decompressor.ResourceDecompressor$StringsProvider           : loaded 2 times (x 70B)

---------------  S Y S T E M  ---------------

OS:
 Windows 11 , 64 bit Build 26100 (10.0.26100.9168)
OS uptime: 18 days 10:01 hours
Hyper-V role detected

CPU: total 8 (initial active 8) (8 cores per cpu, 2 threads per core) family 23 model 160 stepping 0 microcode 0x8a0000b, cx8, cmov, fxsr, ht, mmx, 3dnowpref, sse, sse2, sse3, ssse3, sse4a, sse4.1, sse4.2, popcnt, lzcnt, tsc, tscinvbit, avx, avx2, aes, clmul, bmi1, bmi2, adx, sha, fma, vzeroupper, clflush, clflushopt, hv, rdtscp, rdpid, f16c
Processor Information for the first 8 processors :
  Max Mhz: 2401, Current Mhz: 2401, Mhz Limit: 2401

Memory: 4k page, system-wide physical 7418M (156M free)
TotalPageFile size 29946M (AvailPageFile size 9M)
current process WorkingSet (physical memory assigned to process): 175M, peak: 247M
current process commit charge ("private bytes"): 350M, peak: 352M

vm_info: OpenJDK 64-Bit Server VM (21.0.10+-14961533-b1163.108) for windows-amd64 JRE (21.0.10+-14961533-b1163.108), built on 2026-03-02T19:58:50Z by "builder" with MS VC++ 16.10 / 16.11 (VS2019)

END.
